background title
music romance-1
present
background restaurant
music romance-1
speak left lefty Hello! How are you doing?
speak left lefty Do you want to know what's happening?
speak right righty Yeah, you! Baby, baby!
speak middle midly Click one option to select who you want to date
speak middle midly-hot I'm as hot as an idol
choose Lefty Midly Righty
----
pause
background end
music game-over
----
