background title
music romance-1
present
background restaurant
music romance-1
speak left lefty none Hello! How are you doing?
speak left lefty none Do you want to know what's happening?
speak right righty none Yeah, you! Baby, baby!
speak middle midly none Click one option to select who you want to date
speak middle midly hot I'm as hot as an idol
choose Lefty Midly Righty
----
pause
background end
music game-over
----
