name: Title
background: title
music: romance-1
actors:
script:
outcome: jump to Intro
---
name: Intro
background: restaurant
music: romance-1
actors:
  lefty: left
  midly-hot: middle
  midly: middle
  righty: right
script:
  - [lefty] Hello! How are you doing?
  - [lefty] Do you want to know what's happening?
  - [righty] Yeah, you! Baby, baby!
  - [midly] Click one option to select who you want to date
  - [midly-hot] I'm as hot as an idol
outcome:
  - "Lefty" jumps to Lefty Intro
  - "Midly" jumps to Midly Intro
  - "Righty" jumps to Righty Intro
---
name: Lefty Intro
actors:
script:
outcome: pause then move to The End
---
name: The End
background: end
music: game-over
actors:
script:
outcome: end game
---
name: Midly Intro
actors:
  midly: left
script:
  - [midly] This is me
outcome: pause then move to The End
---
name: Righty Intro
actors:
script:
outcome: pause then move to The End
---
